[finnedconsulting.com/index.html]
[backblue.gif]
[fade.gif]
[index.html]
[finnedconsulting.com/wordpress/wp-content/themes/finn/img/icons/favicon.png]
[finnedconsulting.com/wordpress/wp-content/themes/finn/img/icons/icon.png]
[finnedconsulting.com/wordpress/wp-content/themes/finn/font/stylesheet.css]
[finnedconsulting.com/wordpress/wp-content/plugins/contact-form-7/includes/css/styles972f.css]
[finnedconsulting.com/wordpress/wp-content/plugins/events-manager/includes/css/events_manager41a3.css]
[finnedconsulting.com/wordpress/wp-content/plugins/wp-fullcalendar/includes/css/main62ea.css]
[finnedconsulting.com/wordpress/wp-content/plugins/wp-fullcalendar/includes/css/jquery-ui/ui-lightness/jquery-ui.min62ea.css]
[finnedconsulting.com/wordpress/wp-content/plugins/wp-fullcalendar/includes/css/jquery-ui/ui-lightness/theme62ea.css]
[finnedconsulting.com/wordpress/wp-content/themes/finn/normalize5152.css]
[finnedconsulting.com/wordpress/wp-content/themes/finn/style5152.css]
[finnedconsulting.com/wordpress/wp-content/themes/finn/js/lib/conditionizr-4.3.0.minb2f9.js]
[finnedconsulting.com/wordpress/wp-content/themes/finn/js/lib/modernizr-2.7.1.min653d.js]
[finnedconsulting.com/wordpress/wp-includes/js/jquery/jqueryb8ff.js]
[finnedconsulting.com/wordpress/wp-includes/js/jquery/jquery-migrate.min330a.js]
[finnedconsulting.com/wordpress/wp-content/themes/finn/js/scripts8a54.js]
[finnedconsulting.com/wordpress/wp-includes/js/jquery/ui/core.mine899.js]
[finnedconsulting.com/wordpress/wp-includes/js/jquery/ui/widget.mine899.js]
[finnedconsulting.com/wordpress/wp-includes/js/jquery/ui/position.mine899.js]
[finnedconsulting.com/wordpress/wp-includes/js/jquery/ui/mouse.mine899.js]
[finnedconsulting.com/wordpress/wp-includes/js/jquery/ui/sortable.mine899.js]
[finnedconsulting.com/wordpress/wp-includes/js/jquery/ui/datepicker.mine899.js]
[finnedconsulting.com/wordpress/wp-includes/js/jquery/ui/menu.mine899.js]
[finnedconsulting.com/wordpress/wp-includes/js/wp-a11y.mincbf4.js]
[finnedconsulting.com/wordpress/wp-includes/js/jquery/ui/autocomplete.mine899.js]
[finnedconsulting.com/wordpress/wp-includes/js/jquery/ui/resizable.mine899.js]
[finnedconsulting.com/wordpress/wp-includes/js/jquery/ui/draggable.mine899.js]
[finnedconsulting.com/wordpress/wp-includes/js/jquery/ui/button.mine899.js]
[finnedconsulting.com/wordpress/wp-includes/js/jquery/ui/dialog.mine899.js]
[finnedconsulting.com/wordpress/wp-content/plugins/events-manager/includes/js/events-manager41a3.js]
[finnedconsulting.com/wordpress/wp-includes/js/jquery/ui/selectmenu.mine899.js]
[finnedconsulting.com/wp-json/index.html]
[finnedconsulting.com/wp-json/oembed/1.0/embeddbc3.json]
[finnedconsulting.com/wordpress/wp-content/plugins/wp-fullcalendar/includes/js/main62ea.js]
[finnedconsulting.com/wp-json/oembed/1.0/embed0b02]
[finnedconsulting.com/wordpress/wp-content/themes/finn/img/white-logo.png]
[finnedconsulting.com/wordpress/wp-content/uploads/2017/10/home-1-1.jpg]
[finnedconsulting.com/wordpress/wp-content/uploads/2017/10/home-2-1.jpg]
[finnedconsulting.com/about/index.html]
[finnedconsulting.com/wordpress/wp-content/uploads/2017/10/home-3-1.jpg]
[finnedconsulting.com/wordpress/wp-content/uploads/2017/10/home-4-1.jpg]
[finnedconsulting.com/wordpress/wp-content/uploads/2017/10/education.jpg]
[finnedconsulting.com/wordpress/wp-content/themes/finn/img/finn-logo.png]
[finnedconsulting.com/about/why-finned/index.html]
[finnedconsulting.com/wordpress/wp-content/themes/finn/img/ZoomLogo.png]
[finnedconsulting.com/about/who-we-are/index.html]
[finnedconsulting.com/wordpress/wp-content/themes/finn/img/ncca-logo.jpg]
[finnedconsulting.com/about/what-we-do/index.html]
[finnedconsulting.com/wordpress/wp-content/themes/finn/img/IECALogo.jpg]
[finnedconsulting.com/wordpress/wp-content/themes/finn/img/heca-logo.gif]
[finnedconsulting.com/wordpress/wp-content/themes/finn/img/SACAC.png]
[finnedconsulting.com/services/index.html]
[finnedconsulting.com/wordpress/wp-content/plugins/zoom-widget/elements/images/1/plus.png]
[finnedconsulting.com/wordpress/wp-content/plugins/zoom-widget/elements/images/1/100.png]
[finnedconsulting.com/wordpress/wp-content/plugins/zoom-widget/elements/images/1/minus.png]
[finnedconsulting.com/services/the-total-package/index.html]
[finnedconsulting.com/services/senior-year-speed/index.html]
[finnedconsulting.com/index.html]
[finnedconsulting.com/wordpress/wp-content/plugins/contact-form-7/includes/js/scripts972f.js]
[finnedconsulting.com/wordpress/wp-includes/js/wp-embed.mincbf4.js]
[finnedconsulting.com/services/targeted-services/index.html]
[finnedconsulting.com/services/early-bird/index.html]
[finnedconsulting.com/services/exceptional-students-package/index.html]
[finnedconsulting.com/services/get-started/index.html]
[finnedconsulting.com/timeline/index.html]
[finnedconsulting.com/wordpress/wp-content/themes/finn/font/dense-regular-webfont.woff]
[finnedconsulting.com/contact/index.html]
[finnedconsulting.com/wordpress/wp-content/themes/finn/font/stylesheet.css]
[finnedconsulting.com/wordpress/wp-content/themes/finn/font/dense-regular-webfont.woff2]
[finnedconsulting.com/wordpress/wp-content/plugins/contact-form-7/images/ajax-loader.gif]
[finnedconsulting.com/wordpress/wp-content/plugins/contact-form-7/includes/css/styles972f.css]
[finnedconsulting.com/events/index.html]
[finnedconsulting.com/wordpress/wp-content/plugins/events-manager/includes/images/loading.gif]
[finnedconsulting.com/wordpress/wp-content/plugins/events-manager/includes/images/search-geo.png]
[finnedconsulting.com/wordpress/wp-content/plugins/events-manager/includes/images/search-mag-ico.png]
[finnedconsulting.com/wordpress/wp-content/plugins/events-manager/includes/images/search-mag.png]
[finnedconsulting.com/wordpress/wp-content/plugins/events-manager/includes/images/csv.png]
[finnedconsulting.com/wordpress/wp-content/plugins/events-manager/includes/images/settings.png]
[finnedconsulting.com/wordpress/wp-content/plugins/events-manager/includes/css/events_manager41a3.css]
[finnedconsulting.com/wordpress/wp-content/plugins/wp-fullcalendar/includes/images/loading.gif]
[finnedconsulting.com/wordpress/wp-content/plugins/wp-fullcalendar/includes/css/main62ea.css]
[finnedconsulting.com/wordpress/wp-content/plugins/wp-fullcalendar/includes/css/jquery-ui/ui-lightness/images/ui-bg_highlight-soft_100_eeeeee_1x100.png]
[finnedconsulting.com/wordpress/wp-content/plugins/wp-fullcalendar/includes/css/jquery-ui/ui-lightness/images/ui-bg_gloss-wave_35_f6a828_500x100.png]
[finnedconsulting.com/wordpress/wp-content/plugins/wp-fullcalendar/includes/css/jquery-ui/ui-lightness/images/ui-bg_glass_100_f6f6f6_1x400.png]
[finnedconsulting.com/wordpress/wp-content/plugins/wp-fullcalendar/includes/css/jquery-ui/ui-lightness/images/ui-bg_glass_100_fdf5ce_1x400.png]
[finnedconsulting.com/wordpress/wp-content/plugins/wp-fullcalendar/includes/css/jquery-ui/ui-lightness/images/ui-bg_glass_65_ffffff_1x400.png]
[finnedconsulting.com/wordpress/wp-content/plugins/wp-fullcalendar/includes/css/jquery-ui/ui-lightness/images/ui-bg_highlight-soft_75_ffe45c_1x100.png]
[finnedconsulting.com/wordpress/wp-content/plugins/wp-fullcalendar/includes/css/jquery-ui/ui-lightness/images/ui-bg_diagonals-thick_18_b81900_40x40.png]
[finnedconsulting.com/wordpress/wp-content/plugins/wp-fullcalendar/includes/css/jquery-ui/ui-lightness/images/ui-icons_222222_256x240.png]
[finnedconsulting.com/wordpress/wp-content/plugins/wp-fullcalendar/includes/css/jquery-ui/ui-lightness/images/ui-icons_ffffff_256x240.png]
[finnedconsulting.com/wordpress/wp-content/plugins/wp-fullcalendar/includes/css/jquery-ui/ui-lightness/images/ui-icons_ef8c08_256x240.png]
[finnedconsulting.com/wordpress/wp-content/plugins/wp-fullcalendar/includes/css/jquery-ui/ui-lightness/images/ui-icons_228ef1_256x240.png]
[finnedconsulting.com/wordpress/wp-content/plugins/wp-fullcalendar/includes/css/jquery-ui/ui-lightness/images/ui-icons_ffd27a_256x240.png]
[finnedconsulting.com/wordpress/wp-content/plugins/wp-fullcalendar/includes/css/jquery-ui/ui-lightness/images/ui-bg_diagonals-thick_20_666666_40x40.png]
[finnedconsulting.com/wordpress/wp-content/plugins/wp-fullcalendar/includes/css/jquery-ui/ui-lightness/images/ui-bg_flat_10_000000_40x100.png]
[finnedconsulting.com/wordpress/wp-content/plugins/wp-fullcalendar/includes/css/jquery-ui/ui-lightness/jquery-ui.min62ea.css]
[finnedconsulting.com/wordpress/wp-content/plugins/wp-fullcalendar/includes/css/jquery-ui/ui-lightness/theme62ea.css]
[finnedconsulting.com/wordpress/wp-content/themes/finn/normalize5152.css]
[finnedconsulting.com/wordpress/img/blue-pattern-trans.png]
[finnedconsulting.com/wordpress/img/blue-pattern.png]
[finnedconsulting.com/wordpress/img/blue-gradient.png]
[finnedconsulting.com/wordpress/img/bubble-sheet.jpg]
[finnedconsulting.com/wordpress/wp-content/themes/finn/style5152.css]
[finnedconsulting.com/wp-json/oembed/1.0/embedb0b5.json]
[finnedconsulting.com/about/index.html]
[finnedconsulting.com/wordpress/wp-content/uploads/2017/10/about-1.jpg]
[finnedconsulting.com/wp-json/oembed/1.0/embedec96]
[finnedconsulting.com/wp-json/oembed/1.0/embed11bc.json]
[finnedconsulting.com/about/why-finned/index.html]
[finnedconsulting.com/wp-json/oembed/1.0/embed4491.json]
[finnedconsulting.com/wp-json/oembed/1.0/embed3e71]
[finnedconsulting.com/wordpress/wp-content/uploads/2017/10/IMG_0006-lisa.png]
[finnedconsulting.com/wp-json/oembed/1.0/embed81df]
[finnedconsulting.com/about/who-we-are/index.html]
[finnedconsulting.com/wp-json/oembed/1.0/embed83ee.json]
[finnedconsulting.com/wp-json/oembed/1.0/embedb348]
[finnedconsulting.com/about/what-we-do/index.html]
[finnedconsulting.com/wp-json/oembed/1.0/embed4c9d.json]
[finnedconsulting.com/wordpress/wp-content/uploads/2017/10/services-1.jpg]
[finnedconsulting.com/wp-json/oembed/1.0/embed9115]
[finnedconsulting.com/services/index.html]
[finnedconsulting.com/wp-json/oembed/1.0/embed985a.json]
[finnedconsulting.com/services/the-total-package/index.html]
[finnedconsulting.com/wp-json/oembed/1.0/embed11b7.json]
[finnedconsulting.com/wp-json/oembed/1.0/embedf4bd]
[finnedconsulting.com/services/senior-year-speed/index.html]
[finnedconsulting.com/wp-json/oembed/1.0/embed4b21.json]
[finnedconsulting.com/wp-json/oembed/1.0/embedcf22]
[finnedconsulting.com/services/early-bird/index.html]
[finnedconsulting.com/timeline/all-students/index.html]
[finnedconsulting.com/wp-json/oembed/1.0/embed581b]
[finnedconsulting.com/wp-json/oembed/1.0/embed74dd.json]
[finnedconsulting.com/services/exceptional-students-package/index.html]
[finnedconsulting.com/wp-json/oembed/1.0/embedd0c4.json]
[finnedconsulting.com/wp-json/oembed/1.0/embed1ad1]
[finnedconsulting.com/services/targeted-services/index.html]
[finnedconsulting.com/wp-json/oembed/1.0/embed0f14.json]
[finnedconsulting.com/wp-json/oembed/1.0/embed5b32]
[finnedconsulting.com/wordpress/wp-content/uploads/2017/10/contact-1.jpg]
[finnedconsulting.com/wp-json/oembed/1.0/embed5790]
[finnedconsulting.com/services/get-started/index.html]
[finnedconsulting.com/wp-json/oembed/1.0/embede7c7.json]
[finnedconsulting.com/wp-json/oembed/1.0/embedca0d]
[finnedconsulting.com/wordpress/wp-content/uploads/2018/01/timeline-1.jpg]
[finnedconsulting.com/timeline/index.html]
[finnedconsulting.com/timeline/junior-year-1/index.html]
[finnedconsulting.com/wp-json/oembed/1.0/embeda6c1.json]
[finnedconsulting.com/timeline/junior-year-2/index.html]
[finnedconsulting.com/contact/index.html]
[finnedconsulting.com/timeline/junior-year-3/index.html]
[finnedconsulting.com/wordpress/about/index.html]
[finnedconsulting.com/wp-json/oembed/1.0/embedcf1b]
[finnedconsulting.com/timeline/junior-year-4/index.html]
[finnedconsulting.com/wp-json/oembed/1.0/embedadd5.json]
[finnedconsulting.com/timeline/senior-year-1/index.html]
[finnedconsulting.com/wp-json/oembed/1.0/embed1989]
[finnedconsulting.com/events/search-geo.png]
[finnedconsulting.com/timeline/senior-year-2/index.html]
[finnedconsulting.com/timeline/senior-year-3/index.html]
[finnedconsulting.com/timeline/senior-year-4/index.html]
[finnedconsulting.com/events/search-geo-on.png]
[finnedconsulting.com/events/search-geo-off.png]
[finnedconsulting.com/events/index.html]
[finnedconsulting.com/events/act/index.html]
[finnedconsulting.com/events/sat/index.html]
[finnedconsulting.com/events/sat-subject-tests/index.html]
[finnedconsulting.com/events/sat-subject-tests-2/index.html]
[finnedconsulting.com/events/act-2/index.html]
[finnedconsulting.com/events/act-3/index.html]
[finnedconsulting.com/wp-json/oembed/1.0/embedf8f3.json]
[finnedconsulting.com/timeline/all-students/index.html]
[finnedconsulting.com/wp-json/oembed/1.0/embed7eb1]
[finnedconsulting.com/wp-json/oembed/1.0/embed5f25.json]
[finnedconsulting.com/timeline/junior-year-1/index.html]
[finnedconsulting.com/wp-json/oembed/1.0/embeda581]
[finnedconsulting.com/wp-json/oembed/1.0/embedf45d.json]
[finnedconsulting.com/timeline/junior-year-2/index.html]
[finnedconsulting.com/wp-json/oembed/1.0/embed66ec]
[finnedconsulting.com/wp-json/oembed/1.0/embed8693.json]
[finnedconsulting.com/timeline/junior-year-3/index.html]
[finnedconsulting.com/wp-json/oembed/1.0/embeddfb7]
[finnedconsulting.com/wp-json/oembed/1.0/embed9874.json]
[finnedconsulting.com/timeline/junior-year-4/index.html]
[finnedconsulting.com/wp-json/oembed/1.0/embedfb97]
[finnedconsulting.com/wp-json/oembed/1.0/embeddba7.json]
[finnedconsulting.com/timeline/senior-year-1/index.html]
[finnedconsulting.com/wp-json/oembed/1.0/embedf59d]
[finnedconsulting.com/wp-json/oembed/1.0/embed3471.json]
[finnedconsulting.com/timeline/senior-year-2/index.html]
[finnedconsulting.com/wp-json/oembed/1.0/embedc8ef]
[finnedconsulting.com/wp-json/oembed/1.0/embed33c0.json]
[finnedconsulting.com/timeline/senior-year-3/index.html]
[finnedconsulting.com/wp-json/oembed/1.0/embed57bb]
[finnedconsulting.com/wp-json/oembed/1.0/embede31d.json]
[finnedconsulting.com/timeline/senior-year-4/index.html]
[finnedconsulting.com/events/search-geo.html]
[finnedconsulting.com/events/search-geo-on.html]
[finnedconsulting.com/events/search-geo-off.html]
[finnedconsulting.com/wp-json/oembed/1.0/embeddf99]
[finnedconsulting.com/wp-json/oembed/1.0/embed9135.json]
[finnedconsulting.com/wp-json/oembed/1.0/embeda181]
[finnedconsulting.com/events/sat/index.html]
[finnedconsulting.com/wordpress/wp-includes/js/comment-reply.mincbf4.js]
[finnedconsulting.com/events/categories/standardized-test-dates/index.html]
[finnedconsulting.com/events/categories/sat/index.html]
[finnedconsulting.com/author/igoecreative/index.html]
[finnedconsulting.com/wp-json/oembed/1.0/embedae11.json]
[finnedconsulting.com/events/act/index.html]
[finnedconsulting.com/wp-json/oembed/1.0/embed48eb]
[finnedconsulting.com/wp-json/oembed/1.0/embed1562.json]
[finnedconsulting.com/events/categories/act/index.html]
[finnedconsulting.com/events/sat-subject-tests/index.html]
[finnedconsulting.com/wp-json/oembed/1.0/embed920b]
[finnedconsulting.com/events/categories/registration/index.html]
[finnedconsulting.com/wp-json/oembed/1.0/embed6acb.json]
[finnedconsulting.com/events/sat-subject-tests-2/index.html]
[finnedconsulting.com/wp-json/oembed/1.0/embed0ee1]
[finnedconsulting.com/wp-json/oembed/1.0/embed6638.json]
[finnedconsulting.com/events/act-2/index.html]
[finnedconsulting.com/wp-json/oembed/1.0/embed9073]
[finnedconsulting.com/wp-json/oembed/1.0/embede691.json]
[finnedconsulting.com/events/act-3/index.html]
[finnedconsulting.com/wp-json/oembed/1.0/embeda0fc]
[finnedconsulting.com/wordpress/wp-content/uploads/2017/10/services-header-150x150.jpg]
[finnedconsulting.com/author/igoecreative/index.html]
[finnedconsulting.com/wp-json/oembed/1.0/embedd91e.json]
[finnedconsulting.com/hello-world/index.html]
[finnedconsulting.com/events/categories/sat/index.html]
[finnedconsulting.com/events/categories/standardized-test-dates/index.html]
[finnedconsulting.com/events/categories/act/index.html]
[finnedconsulting.com/events/categories/registration/index.html]
[finnedconsulting.com/wp-json/oembed/1.0/embeda8ea]
[finnedconsulting.com/wp-json/oembed/1.0/embed8a50.json]
[finnedconsulting.com/wp-json/oembed/1.0/embed2bee]
[finnedconsulting.com/hello-world/index.html]
[finnedconsulting.com/wordpress/wp-content/uploads/2017/10/services-header.jpg]
[finnedconsulting.com/category/college-planning/index.html]
[finnedconsulting.com/category/college-application/index.html]
[finnedconsulting.com/category/college-application/index.html]
[finnedconsulting.com/category/college-planning/index.html]
